Error while reading cache, falling back to a full crawl:
 Error: Unable to deserialize cloned data.
    at deserialize (node:v8:469:14)
    at DiskCacheManager.read (C:\Users\Nitro\OneDrive\ドキュメント\collab-underDawgs\emerg-frontend\node_modules\metro-file-map\src\cache\DiskCacheManager.js:60:33)
    at FileMap.read (C:\Users\Nitro\OneDrive\ドキュメント\collab-underDawgs\emerg-frontend\node_modules\metro-file-map\src\index.js:284:14)
    at C:\Users\Nitro\OneDrive\ドキュメント\collab-underDawgs\emerg-frontend\node_modules\metro-file-map\src\index.js:202:25
    at DependencyGraph.ready (C:\Users\Nitro\OneDrive\ドキュメント\collab-underDawgs\emerg-frontend\node_modules\metro\src\node-haste\DependencyGraph.js:88:5)
    at Bundler.ready (C:\Users\Nitro\OneDrive\ドキュメント\collab-underDawgs\emerg-frontend\node_modules\metro\src\Bundler.js:62:5)
    at IncrementalBundler.ready (C:\Users\Nitro\OneDrive\ドキュメント\collab-underDawgs\emerg-frontend\node_modules\metro\src\IncrementalBundler.js:302:5)
    at Server.ready (C:\Users\Nitro\OneDrive\ドキュメント\collab-underDawgs\emerg-frontend\node_modules\metro\src\Server.js:1305:5)
The following packages should be updated for best compatibility with the installed expo version:
  expo@54.0.33 - expected version: ~54.0.34
  expo-linking@8.0.11 - expected version: ~8.0.12
  expo-web-browser@15.0.10 - expected version: ~15.0.11
Your project may not work correctly until you install the expected versions of the packages.
"shadow*" style props are deprecated. Use "boxShadow".
"shadow*" style props are deprecated. Use "boxShadow".
Error: Cannot pipe to a closed or destroyed stream
    at pipelineImpl (node:internal/streams/pipeline:264:15)
    at node:stream/promises:31:5
    at new Promise (<anonymous>)
    at pipeline (node:stream/promises:20:10)
    at respond (C:\Users\Nitro\OneDrive\ドキュメント\collab-underDawgs\emerg-frontend\node_modules\expo-server\src\vendor\http.ts:138:19)
    at C:\Users\Nitro\OneDrive\ドキュメント\collab-underDawgs\emerg-frontend\node_modules\expo-server\src\vendor\http.ts:68:13
    at processTicksAndRejections (node:internal/process/task_queues:104:5)
Error: Cannot pipe to a closed or destroyed stream
    at pipelineImpl (node:internal/streams/pipeline:264:15)
    at node:stream/promises:31:5
    at new Promise (<anonymous>)
    at pipeline (node:stream/promises:20:10)
    at respond (C:\Users\Nitro\OneDrive\ドキュメント\collab-underDawgs\emerg-frontend\node_modules\expo-server\src\vendor\http.ts:138:19)
    at C:\Users\Nitro\OneDrive\ドキュメント\collab-underDawgs\emerg-frontend\node_modules\expo-server\src\vendor\http.ts:68:13
    at processTicksAndRejections (node:internal/process/task_queues:104:5)
"shadow*" style props are deprecated. Use "boxShadow".
