
> emerg-frontend@1.0.0 web
> expo start --web --port 8081

env: load .env
env: export EXPO_PUBLIC_API_BASE_URL REACT_NATIVE_PACKAGER_HOSTNAME
Starting project at C:\Users\Nitro\OneDrive\ドキュメント\collab-underDawgs\emerg-frontend
React Compiler enabled
Starting Metro Bundler
Waiting on http://localhost:8081
Logs for your project will appear below.
Web node_modules\expo-router\entry.js ░░░░░░░░░░░░░░░░  1.0% (1/1)
λ node_modules\expo-router\node\render.js ░░░░░░░░░░░░░░░░  0.0% (0/1)
Web node_modules\expo-router\entry.js ▓▓░░░░░░░░░░░░░░ 16.0% ( 4/10)
λ node_modules\expo-router\node\render.js ░░░░░░░░░░░░░░░░  5.7% ( 39/197)
Web node_modules\expo-router\entry.js ▓▓▓▓░░░░░░░░░░░░ 25.0% (19/49)
λ node_modules\expo-router\node\render.js ▓▓▓▓▓░░░░░░░░░░░ 37.3% (298/488)
Web node_modules\expo-router\entry.js ▓▓▓▓░░░░░░░░░░░░ 28.1% (208/401)
λ node_modules\expo-router\node\render.js ▓▓▓▓▓▓▓▓▓▓▓░░░░░ 74.2% (571/693)
Web node_modules\expo-router\entry.js ▓▓▓▓▓▓▓▓▓░░░░░░░ 58.6% (492/646)
λ node_modules\expo-router\node\render.js ▓▓▓▓▓▓▓▓▓▓▓▓░░░░ 79.1% (837/941)
Web node_modules\expo-router\entry.js ▓▓▓▓▓▓▓▓▓▓▓▓░░░░ 77.7% (844/959)
λ node_modules\expo-router\node\render.js ▓▓▓▓▓▓▓▓▓▓▓▓▓▓░░ 91.8% (1024/1088)
λ Bundled 22607ms node_modules\expo-router\node\render.js (1220 modules)
Web node_modules\expo-router\entry.js ▓▓▓▓▓▓▓▓▓▓▓▓▓▓▓░ 98.7% (1178/1186)
Web Bundled 26303ms node_modules\expo-router\entry.js (1210 modules)
Web node_modules\expo-router\entry.js ▓▓▓░░░░░░░░░░░░░ 20.7% ( 57/239)
Web node_modules\expo-router\entry.js ▓▓▓▓▓▓▓▓▓▓▓░░░░░ 74.4% (802/930)
Web Bundled 7096ms node_modules\expo-router\entry.js (1211 modules)
 LOG  [web] Logs will appear in the browser console
